1c1
< w =
---
> w = 
7c7
< v =
---
> v = 
15c15
< dw =
---
> dw = 
18c18
< dv =
---
> dv = 
20c20
< dw =
---
> dw = 
23c23
< dv =
---
> dv = 
25c25
< new w =
---
> new w = 
31c31
< new v =
---
> new v = 
35d34
< Network error = 0.288211
